// Jest Snapshot v1, https://goo.gl/fbAQLP

exports[`App renders without crashing 1`] = `
<div
  className="app"
>
  <Styled(header)>
    <Styled(div)>
      <Styled(h1)>
        Front Porch
      </Styled(h1)>
    </Styled(div)>
  </Styled(header)>
  <Styled(main)>
    <Styled(div)>
      <Connect(Dashboard) />
    </Styled(div)>
  </Styled(main)>
</div>
`;
